
> Configure project :app
WARNING: The option setting 'android.builtInKotlin=false' is deprecated.
The current default is 'true'.
It will be removed in version 10.0 of the Android Gradle plugin.
WARNING: The option setting 'android.newDsl=false' is deprecated.
The current default is 'true'.
It will be removed in version 10.0 of the Android Gradle plugin.
w: Deprecated 'org.jetbrains.kotlin.android' plugin usage
The 'org.jetbrains.kotlin.android' plugin in project ':app' is no longer required for Kotlin support since AGP 9.0.
Solution: Remove both `android.builtInKotlin=true` and `android.newDsl=false` from `gradle.properties`, then migrate to built-in Kotlin.
See https://kotl.in/gradle/agp-built-in-kotlin for more details.


> Task :app:checkKotlinGradlePluginConfigurationErrors SKIPPED
> Task :app:preBuild UP-TO-DATE
> Task :app:preDebugBuild UP-TO-DATE
> Task :app:generateDebugResources UP-TO-DATE
> Task :app:packageDebugResources UP-TO-DATE
> Task :app:processDebugNavigationResources UP-TO-DATE
> Task :app:parseDebugLocalResources UP-TO-DATE
> Task :app:generateDebugRFile UP-TO-DATE
> Task :app:kspDebugKotlin UP-TO-DATE
> Task :app:compileDebugKotlin UP-TO-DATE
> Task :app:javaPreCompileDebug UP-TO-DATE
> Task :app:compileDebugJavaWithJavac NO-SOURCE
> Task :app:checkDebugAarMetadata UP-TO-DATE
> Task :app:mapDebugSourceSetPaths UP-TO-DATE
> Task :app:compileDebugNavigationResources UP-TO-DATE
> Task :app:mergeDebugResources UP-TO-DATE
> Task :app:createDebugCompatibleScreenManifests UP-TO-DATE
> Task :app:extractDeepLinksDebug UP-TO-DATE
> Task :app:processDebugMainManifest UP-TO-DATE
> Task :app:processDebugManifest UP-TO-DATE
> Task :app:processDebugManifestForPackage UP-TO-DATE
> Task :app:processDebugResources UP-TO-DATE
> Task :app:preDebugUnitTestBuild UP-TO-DATE
> Task :app:javaPreCompileDebugUnitTest UP-TO-DATE
> Task :app:bundleDebugClassesToRuntimeJar
> Task :app:bundleDebugClassesToCompileJar
> Task :app:processDebugJavaRes
> Task :app:kspDebugUnitTestKotlin

> Task :app:compileDebugUnitTestKotlin FAILED
e: file:///E:/Projects/Presupuesto/app/src/test/java/com/personal/presupuesto/BudgetTest.kt:32:69 No value passed for parameter 'rate'.
e: file:///E:/Projects/Presupuesto/app/src/test/java/com/personal/presupuesto/BudgetTest.kt:299:13 Unresolved reference 'DatedRate'.
e: file:///E:/Projects/Presupuesto/app/src/test/java/com/personal/presupuesto/BudgetTest.kt:300:13 Unresolved reference 'ExchangeRateParser'.
e: file:///E:/Projects/Presupuesto/app/src/test/java/com/personal/presupuesto/BudgetTest.kt:307:13 Cannot infer type for type parameter 'T'. Specify it explicitly.
e: file:///E:/Projects/Presupuesto/app/src/test/java/com/personal/presupuesto/BudgetTest.kt:307:20 Unresolved reference 'DatedRate'.
e: file:///E:/Projects/Presupuesto/app/src/test/java/com/personal/presupuesto/BudgetTest.kt:308:13 Unresolved reference 'ExchangeRateParser'.
e: file:///E:/Projects/Presupuesto/app/src/test/java/com/personal/presupuesto/BudgetTest.kt:322:43 Too many arguments for 'fun memoryRepository(): Pair<BudgetDatabase, BudgetRepository>'.
e: file:///E:/Projects/Presupuesto/app/src/test/java/com/personal/presupuesto/BudgetTest.kt:325:43 Cannot access 'val exchange: ExchangeRateRepository?': it is private in 'com.personal.presupuesto.data.BudgetRepository'.
e: file:///E:/Projects/Presupuesto/app/src/test/java/com/personal/presupuesto/BudgetTest.kt:325:51 Only safe (?.) or non-null asserted (!!.) calls are allowed on a nullable receiver of type 'ExchangeRateRepository?'.
e: file:///E:/Projects/Presupuesto/app/src/test/java/com/personal/presupuesto/BudgetTest.kt:337:43 Too many arguments for 'fun memoryRepository(): Pair<BudgetDatabase, BudgetRepository>'.
e: file:///E:/Projects/Presupuesto/app/src/test/java/com/personal/presupuesto/BudgetTest.kt:339:43 Cannot access 'val exchange: ExchangeRateRepository?': it is private in 'com.personal.presupuesto.data.BudgetRepository'.
e: file:///E:/Projects/Presupuesto/app/src/test/java/com/personal/presupuesto/BudgetTest.kt:339:51 Only safe (?.) or non-null asserted (!!.) calls are allowed on a nullable receiver of type 'ExchangeRateRepository?'.
e: file:///E:/Projects/Presupuesto/app/src/test/java/com/personal/presupuesto/BudgetTest.kt:351:43 Too many arguments for 'fun memoryRepository(): Pair<BudgetDatabase, BudgetRepository>'.
e: file:///E:/Projects/Presupuesto/app/src/test/java/com/personal/presupuesto/BudgetTest.kt:353:43 Cannot access 'val exchange: ExchangeRateRepository?': it is private in 'com.personal.presupuesto.data.BudgetRepository'.
e: file:///E:/Projects/Presupuesto/app/src/test/java/com/personal/presupuesto/BudgetTest.kt:353:51 Only safe (?.) or non-null asserted (!!.) calls are allowed on a nullable receiver of type 'ExchangeRateRepository?'.
e: file:///E:/Projects/Presupuesto/app/src/test/java/com/personal/presupuesto/BudgetTest.kt:354:42 Cannot access 'val exchange: ExchangeRateRepository?': it is private in 'com.personal.presupuesto.data.BudgetRepository'.
e: file:///E:/Projects/Presupuesto/app/src/test/java/com/personal/presupuesto/BudgetTest.kt:354:50 Only safe (?.) or non-null asserted (!!.) calls are allowed on a nullable receiver of type 'ExchangeRateRepository?'.
e: file:///E:/Projects/Presupuesto/app/src/test/java/com/personal/presupuesto/BudgetTest.kt:365:43 Too many arguments for 'fun memoryRepository(): Pair<BudgetDatabase, BudgetRepository>'.
e: file:///E:/Projects/Presupuesto/app/src/test/java/com/personal/presupuesto/BudgetTest.kt:367:30 Cannot access 'val exchange: ExchangeRateRepository?': it is private in 'com.personal.presupuesto.data.BudgetRepository'.
e: file:///E:/Projects/Presupuesto/app/src/test/java/com/personal/presupuesto/BudgetTest.kt:367:39 Unresolved reference 'ensureToday'.
e: file:///E:/Projects/Presupuesto/app/src/test/java/com/personal/presupuesto/BudgetTest.kt:370:31 Cannot access 'val exchange: ExchangeRateRepository?': it is private in 'com.personal.presupuesto.data.BudgetRepository'.
e: file:///E:/Projects/Presupuesto/app/src/test/java/com/personal/presupuesto/BudgetTest.kt:370:40 Unresolved reference 'ensureToday'.
e: file:///E:/Projects/Presupuesto/app/src/test/java/com/personal/presupuesto/BudgetTest.kt:384:43 Too many arguments for 'fun memoryRepository(): Pair<BudgetDatabase, BudgetRepository>'.
e: file:///E:/Projects/Presupuesto/app/src/test/java/com/personal/presupuesto/BudgetTest.kt:390:31 Unresolved reference 'repairMonthRates'.
e: file:///E:/Projects/Presupuesto/app/src/test/java/com/personal/presupuesto/BudgetTest.kt:406:43 Too many arguments for 'fun memoryRepository(): Pair<BudgetDatabase, BudgetRepository>'.
e: file:///E:/Projects/Presupuesto/app/src/test/java/com/personal/presupuesto/BudgetTest.kt:419:5 Unresolved reference 'ExchangeRateHttp'.

[Incubating] Problems report is available at: file:///E:/Projects/Presupuesto/build/reports/problems/problems-report.html

FAILURE: Build failed with an exception.

* What went wrong:
Execution failed for task ':app:compileDebugUnitTestKotlin'.
> A failure occurred while executing org.jetbrains.kotlin.compilerRunner.btapi.BuildToolsApiCompilationWork
   > Compilation error. See log for more details

* Try:
> Run with --stacktrace option to get the stack trace.
> Run with --info or --debug option to get more log output.
> Run with --scan to get full insights from a Build Scan (powered by Develocity).
> Get more help at https://help.gradle.org.

BUILD FAILED in 2s
24 actionable tasks: 5 executed, 19 up-to-date
